
INITIALPATH:7:22: error:
    • INITIALPATH:7:28:
  |
7 | main = putStrLn [fmt|hello } world|]
  |                            ^
unexpected: "}"
unexpected: "}"
unexpected: " "
unexpected: "}"
unexpected: '}'
expecting: "{{"
expecting: "}}"
expecting: "{"
expecting: end of input

    • In the quasi-quotation: [fmt|hello } world|]
  |
7 | main = putStrLn [fmt|hello } world|]
  |                      ^^^^^^^^^^^^^^^
